(!) Your Vite config uses features that are unsupported by `configLoader: 'native'`, which is planned to become the default in a future major version of Vite:
  - ESM syntax in a file loaded as CommonJS (vitest.config.ts:1:1). Use a `.mjs` extension or set `"type": "module"` in the closest package.json
Set `VITE_CONFIG_NATIVE_IGNORE_WARNING=true` to suppress this warning.

[1m[30m[46m RUN [49m[39m[22m [36mv4.1.11 [39m[90mC:/Users/Arth Andrey/Documents/N-Queens Visualizer/n-queens-visualizer[39m

 [32mΓ£ô[39m src/components/visualizer/__tests__/analytics-panel.test.tsx [2m([22m[2m5 tests[22m[2m)[22m[33m 392[2mms[22m[39m

[2m Test Files [22m [1m[32m1 passed[39m[22m[90m (1)[39m
[2m      Tests [22m [1m[32m5 passed[39m[22m[90m (5)[39m
[2m   Start at [22m 03:10:45
[2m   Duration [22m 2.70s[2m (transform 193ms, setup 299ms, import 587ms, tests 392ms, environment 1.16s)[22m

